
> frontend@0.0.0 test
> ng test --watch=false --browsers=ChromeHeadless --include=src/app/user-management/my-courses/my-courses.component.spec.ts

node.exe : Node.js version v25.8.0 detected.
Au caractère Ligne:1 : 1
+ & "C:\Program Files\nodejs/node.exe" "C:\Users\kmarb\AppData\Roaming\ ...
+ ~~~~~~~~~~~~~~~~~~~~~~~~~~~~~~~~~~~~~~~~~~~~~~~~~~~~~~~~~~~~~~~~~~~~~
    + CategoryInfo          : NotSpecified: (Node.js version v25.8.0 detected.:String) [], RemoteException
    + FullyQualifiedErrorId : NativeCommandError
 
Odd numbered Node.js versions will not enter LTS status and should not be used for production. For more information, 
please see https://nodejs.org/en/about/previous-releases/.
- Generating browser application bundles (phase: setup)...
ÔêÜ Browser application bundle generation complete.
01 05 2026 16:06:30.378:INFO [karma-server]: Karma v6.4.4 server started at http://localhost:9876/
01 05 2026 16:06:30.380:INFO [launcher]: Launching browsers ChromeHeadless with concurrency unlimited
01 05 2026 16:06:30.388:INFO [launcher]: Starting browser ChromeHeadless
01 05 2026 16:06:32.664:INFO [Chrome Headless 147.0.0.0 (Windows 10)]: Connected on socket qIMyF69SC71ziF1AAAAB with id 84889148
Chrome Headless 147.0.0.0 (Windows 10): Executed 0 of 5[32m SUCCESS[39m (0 secs / 0 secs)
[1A[2KChrome Headless 147.0.0.0 (Windows 10): Executed 1 of 5[32m SUCCESS[39m (0 secs / 0.323 secs)
[1A[2K[31mChrome Headless 147.0.0.0 (Windows 10) MyCoursesComponent should create FAILED[39m
	TypeError: this.adaptiveService.getLevelTest is not a function
	    at MyCoursesComponent.checkLevelTestStatus (src/app/user-management/my-courses/my-courses.component.ts:608:28)
	    at MyCoursesComponent.call [as ngOnInit] (src/app/user-management/my-courses/my-courses.component.ts:541:10)
	    at callHookInternal (node_modules/@angular/core/fesm2022/core.mjs:4024:14)
	    at callHook (node_modules/@angular/core/fesm2022/core.mjs:4051:13)
	    at callHooks (node_modules/@angular/core/fesm2022/core.mjs:4006:17)
	    at executeInitAndCheckHooks (node_modules/@angular/core/fesm2022/core.mjs:3956:9)
	    at refreshView (node_modules/@angular/core/fesm2022/core.mjs:13513:21)
	    at detectChangesInternal (node_modules/@angular/core/fesm2022/core.mjs:13437:9)
	    at RootViewRef.detectChanges (node_modules/@angular/core/fesm2022/core.mjs:13954:9)
	    at ComponentFixture._tick (node_modules/@angular/core/fesm2022/testing.mjs:127:32)
Chrome Headless 147.0.0.0 (Windows 10): Executed 2 of 5[31m (1 FAILED)[39m (0 secs / 0.335 secs)
[1A[2K[31mChrome Headless 147.0.0.0 (Windows 10) MyCoursesComponent should load subjects on init FAILED[39m
	TypeError: this.adaptiveService.getLevelTest is not a function
	    at MyCoursesComponent.checkLevelTestStatus (src/app/user-management/my-courses/my-courses.component.ts:608:28)
	    at MyCoursesComponent.call [as ngOnInit] (src/app/user-management/my-courses/my-courses.component.ts:541:10)
	    at callHookInternal (node_modules/@angular/core/fesm2022/core.mjs:4024:14)
	    at callHook (node_modules/@angular/core/fesm2022/core.mjs:4051:13)
	    at callHooks (node_modules/@angular/core/fesm2022/core.mjs:4006:17)
	    at executeInitAndCheckHooks (node_modules/@angular/core/fesm2022/core.mjs:3956:9)
	    at refreshView (node_modules/@angular/core/fesm2022/core.mjs:13513:21)
	    at detectChangesInternal (node_modules/@angular/core/fesm2022/core.mjs:13437:9)
	    at RootViewRef.detectChanges (node_modules/@angular/core/fesm2022/core.mjs:13954:9)
	    at ComponentFixture._tick (node_modules/@angular/core/fesm2022/testing.mjs:127:32)
Chrome Headless 147.0.0.0 (Windows 10): Executed 3 of 5[31m (2 FAILED)[39m (0 secs / 0.346 secs)
[1A[2KChrome Headless 147.0.0.0 (Windows 10): Executed 4 of 5[31m (2 FAILED)[39m (0 secs / 0.358 secs)
[1A[2KChrome Headless 147.0.0.0 (Windows 10): Executed 5 of 5[31m (2 FAILED)[39m (0 secs / 0.365 secs)
[1A[2KChrome Headless 147.0.0.0 (Windows 10): Executed 5 of 5[31m (2 FAILED)[39m (0.402 secs / 0.365 secs)
[31mTOTAL: 2 FAILED, 3 SUCCESS[39m
ÔêÜ Browser application bundle generation complete.
ÔêÜ Browser application bundle generation complete.
